
Aspire@Acer MINGW64 ~
$ java -version
java version "1.8.0_102"
Java(TM) SE Runtime Environment (build 1.8.0_102-b14)
Java HotSpot(TM) 64-Bit Server VM (build 25.102-b14, mixed mode)

Aspire@Acer MINGW64 ~
$ mongod --version
db version v3.2.8
git version: ed70e33130c977bda0024c125b56d159573dbaf0
OpenSSL version: OpenSSL 1.0.1p-fips 9 Jul 2015
allocator: tcmalloc
modules: none
build environment:
    distmod: 2008plus-ssl
    distarch: x86_64
    target_arch: x86_64

Aspire@Acer MINGW64 ~
$ cd "E:\Working\MongoDB\Spark"

Aspire@Acer MINGW64 /e/Working/MongoDB/Spark
$ mkdir -p WTJavaTask

Aspire@Acer MINGW64 /e/Working/MongoDB/Spark
$ mongod -dbpath WTJavaTask --storageEngine wiredTiger
2017-03-27T21:01:47.557+0530 I CONTROL  [initandlisten] MongoDB starting : pid=30736 port=27017 dbpath=WTJavaTask 64-bit host=Acer
2017-03-27T21:01:47.558+0530 I CONTROL  [initandlisten] targetMinOS: Windows 7/Windows Server 2008 R2
2017-03-27T21:01:47.558+0530 I CONTROL  [initandlisten] db version v3.2.8
2017-03-27T21:01:47.558+0530 I CONTROL  [initandlisten] git version: ed70e33130c977bda0024c125b56d159573dbaf0
2017-03-27T21:01:47.558+0530 I CONTROL  [initandlisten] OpenSSL version: OpenSSL 1.0.1p-fips 9 Jul 2015
2017-03-27T21:01:47.558+0530 I CONTROL  [initandlisten] allocator: tcmalloc
2017-03-27T21:01:47.558+0530 I CONTROL  [initandlisten] modules: none
2017-03-27T21:01:47.559+0530 I CONTROL  [initandlisten] build environment:
2017-03-27T21:01:47.559+0530 I CONTROL  [initandlisten]     distmod: 2008plus-ssl
2017-03-27T21:01:47.559+0530 I CONTROL  [initandlisten]     distarch: x86_64
2017-03-27T21:01:47.559+0530 I CONTROL  [initandlisten]     target_arch: x86_64
2017-03-27T21:01:47.559+0530 I CONTROL  [initandlisten] options: { storage: { dbPath: "WTJavaTask", engine: "wiredTiger" } }
2017-03-27T21:01:47.584+0530 I STORAGE  [initandlisten] wiredtiger_open config: create,cache_size=1G,session_max=20000,eviction=(threads_max=4),config_base=false,statistics=(fast),log=(enabled=true,archive=true,path=journal,compressor=snappy),file_manager=(close_idle_time=100000),checkpoint=(wait=60,log_size=2GB),statistics_log=(wait=0),
2017-03-27T21:01:48.484+0530 I NETWORK  [HostnameCanonicalizationWorker] Starting hostname canonicalization worker
2017-03-27T21:01:48.484+0530 I FTDC     [initandlisten] Initializing full-time diagnostic data capture with directory 'WTJavaTask/diagnostic.data'
2017-03-27T21:01:48.793+0530 I NETWORK  [initandlisten] waiting for connections on port 27017
2017-03-27T21:03:38.743+0530 I NETWORK  [initandlisten] connection accepted from 127.0.0.1:52290 #1 (1 connection now open)
2017-03-27T21:03:38.969+0530 I COMMAND  [conn1] command nasa.eva command: insert { insert: "eva", documents: 375, writeConcern: { getLastError: 1, w: 1 }, ordered: false } ninserted:375 keyUpdates:0 writeConflicts:0 numYields:0 reslen:40 locks:{ Global: { acquireCount: { r: 7, w: 7 } }, Database: { acquireCount: { w: 6, W: 1 } }, Collection: { acquireCount: { w: 5, W: 1 } } } protocol:op_query 197ms
2017-03-27T21:03:38.972+0530 I NETWORK  [conn1] end connection 127.0.0.1:52290 (0 connections now open)
2017-03-27T21:04:59.707+0530 I NETWORK  [initandlisten] connection accepted from 127.0.0.1:52292 #2 (1 connection now open)
2017-03-27T21:05:41.505+0530 I NETWORK  [conn2] end connection 127.0.0.1:52292 (0 connections now open)
2017-03-27T21:27:25.636+0530 I NETWORK  [initandlisten] connection accepted from 127.0.0.1:52426 #3 (1 connection now open)
2017-03-27T21:27:25.761+0530 I NETWORK  [initandlisten] connection accepted from 127.0.0.1:52427 #4 (2 connections now open)
2017-03-27T21:27:29.673+0530 I NETWORK  [initandlisten] connection accepted from 127.0.0.1:52429 #5 (3 connections now open)
2017-03-27T21:27:29.702+0530 I NETWORK  [initandlisten] connection accepted from 127.0.0.1:52430 #6 (4 connections now open)
2017-03-27T21:27:29.984+0530 I COMMAND  [conn6] command nasa.astronautTotals command: insert { insert: "astronautTotals", ordered: true, writeConcern: { w: "majority" }, documents: 222 } ninserted:222 keyUpdates:0 writeConflicts:0 numYields:0 reslen:40 locks:{ Global: { acquireCount: { r: 5, w: 5 } }, Database: { acquireCount: { w: 4, W: 1 } }, Collection: { acquireCount: { w: 4, W: 1 } } } protocol:op_query 212ms
2017-03-27T21:27:30.027+0530 I NETWORK  [conn6] end connection 127.0.0.1:52430 (3 connections now open)
2017-03-27T21:27:30.029+0530 I NETWORK  [conn5] end connection 127.0.0.1:52429 (2 connections now open)
2017-03-27T21:27:30.036+0530 I NETWORK  [conn4] end connection 127.0.0.1:52427 (1 connection now open)
2017-03-27T21:27:30.038+0530 I NETWORK  [conn3] end connection 127.0.0.1:52426 (0 connections now open)
2017-03-27T21:31:20.832+0530 I NETWORK  [initandlisten] connection accepted from 127.0.0.1:52477 #7 (1 connection now open)
2017-03-27T21:31:20.976+0530 I NETWORK  [initandlisten] connection accepted from 127.0.0.1:52478 #8 (2 connections now open)
2017-03-27T21:31:24.215+0530 I NETWORK  [initandlisten] connection accepted from 127.0.0.1:52480 #9 (3 connections now open)
2017-03-27T21:31:24.235+0530 I NETWORK  [initandlisten] connection accepted from 127.0.0.1:52481 #10 (4 connections now open)
2017-03-27T21:31:24.573+0530 I NETWORK  [conn10] end connection 127.0.0.1:52481 (3 connections now open)
2017-03-27T21:31:24.576+0530 I NETWORK  [conn9] end connection 127.0.0.1:52480 (2 connections now open)
2017-03-27T21:31:24.577+0530 I NETWORK  [conn8] end connection 127.0.0.1:52478 (1 connection now open)
2017-03-27T21:31:24.577+0530 I NETWORK  [conn7] end connection 127.0.0.1:52477 (0 connections now open)
2017-03-27T21:40:54.791+0530 I NETWORK  [initandlisten] connection accepted from 127.0.0.1:52500 #11 (1 connection now open)
2017-03-27T21:43:34.121+0530 I NETWORK  [conn11] end connection 127.0.0.1:52500 (0 connections now open)
