
Aspire@Acer MINGW64 ~
$ vagrant --version
Vagrant 1.9.2

Aspire@Acer MINGW64 ~
$ cd "E:\Working\MongoDB\MongoDB University\2016\M233 Getting Started with Spark and MongoDB\Units\Spark and MongoDB\1 Welcome, prerequisites, and setting up your learning environment\Vagrantfile"

Aspire@Acer MINGW64 /e/Working/MongoDB/MongoDB University/2016/M233 Getting Started with Spark and MongoDB/Units/Spark and MongoDB/1 Welcome, prerequisites, and setting up your learning environment/Vagrantfile
$ vagrant up
Bringing machine 'default' up with 'virtualbox' provider...
==> default: Checking if box 'ubuntu/trusty64' is up to date...
==> default: There was a problem while downloading the metadata for your box
==> default: to check for updates. This is not an error, since it is usually due
==> default: to temporary network problems. This is just a warning. The problem
==> default: encountered was:
==> default:
==> default: Could not resolve host: atlas.hashicorp.com
==> default:
==> default: If you want to check for box updates, verify your network connection
==> default: is valid and try again.
==> default: Clearing any previously set forwarded ports...
==> default: Clearing any previously set network interfaces...
==> default: Preparing network interfaces based on configuration...
    default: Adapter 1: nat
==> default: Forwarding ports...
    default: 27017 (guest) => 27017 (host) (adapter 1)
    default: 8080 (guest) => 8080 (host) (adapter 1)
    default: 7077 (guest) => 7077 (host) (adapter 1)
    default: 22 (guest) => 2222 (host) (adapter 1)
==> default: Running 'pre-boot' VM customizations...
==> default: Booting VM...
==> default: Waiting for machine to boot. This may take a few minutes...
    default: SSH address: 127.0.0.1:2222
    default: SSH username: vagrant
    default: SSH auth method: private key
    default: Warning: Remote connection disconnect. Retrying...
==> default: Machine booted and ready!
==> default: Checking for guest additions in VM...
    default: The guest additions on this VM do not match the installed version of
    default: VirtualBox! In most cases this is fine, but in rare cases it can
    default: prevent things such as shared folders from working properly. If you see
    default: shared folder errors, please make sure the guest additions within the
    default: virtual machine match the version of VirtualBox you have installed on
    default: your host and reload your VM.
    default:
    default: Guest Additions Version: 4.3.36
    default: VirtualBox Version: 5.1
==> default: Mounting shared folders...
    default: /vagrant => E:/Working/MongoDB/MongoDB University/2016/M233 Getting Started with Spark and MongoDB/Units/Spark and MongoDB/1 Welcome, prerequisites, and setting up your learning environment/Vagrantfile
==> default: Machine already provisioned. Run `vagrant provision` or use the `--provision`
==> default: flag to force provisioning. Provisioners marked to run always will still run.

Aspire@Acer MINGW64 /e/Working/MongoDB/MongoDB University/2016/M233 Getting Started with Spark and MongoDB/Units/Spark and MongoDB/1 Welcome, prerequisites, and setting up your learning environment/Vagrantfile
$ vagrant ssh
Welcome to Ubuntu 14.04.5 LTS (GNU/Linux 3.13.0-112-generic x86_64)

 * Documentation:  https://help.ubuntu.com/

  System information as of Thu Mar 23 11:05:01 UTC 2017

  System load:  0.77              Processes:           85
  Usage of /:   7.6% of 39.34GB   Users logged in:     0
  Memory usage: 2%                IP address for eth0: 10.0.2.15
  Swap usage:   0%

  Graph this data and manage this system at:
    https://landscape.canonical.com/

  Get cloud support with Ubuntu Advantage Cloud Guest:
    http://www.ubuntu.com/business/services/cloud

New release '16.04.2 LTS' available.
Run 'do-release-upgrade' to upgrade to it.


Last login: Thu Mar 23 10:14:00 2017 from 10.0.2.2
vagrant@vagrant-ubuntu-trusty-64:~$ ls
eva.csv  spark-1.6.1  spark-1.6.1.tgz
vagrant@vagrant-ubuntu-trusty-64:~$ java -version
java version "1.8.0_121"
Java(TM) SE Runtime Environment (build 1.8.0_121-b13)
Java HotSpot(TM) 64-Bit Server VM (build 25.121-b13, mixed mode)
vagrant@vagrant-ubuntu-trusty-64:~$ mongod --version
db version v3.2.12
git version: ef3e1bc78e997f0d9f22f45aeb1d8e3b6ac14a14
OpenSSL version: OpenSSL 1.0.1f 6 Jan 2014
allocator: tcmalloc
modules: none
build environment:
    distmod: ubuntu1404
    distarch: x86_64
    target_arch: x86_64
vagrant@vagrant-ubuntu-trusty-64:~$ mongo
MongoDB shell version: 3.2.12
connecting to: test
Server has startup warnings:
2017-03-23T11:04:43.961+0000 I CONTROL  [initandlisten]
2017-03-23T11:04:43.961+0000 I CONTROL  [initandlisten] ** WARNING: /sys/kernel/mm/transparent_hugepage/enabled is 'always'.
2017-03-23T11:04:43.961+0000 I CONTROL  [initandlisten] **        We suggest setting it to 'never'
2017-03-23T11:04:43.961+0000 I CONTROL  [initandlisten]
2017-03-23T11:04:43.961+0000 I CONTROL  [initandlisten] ** WARNING: /sys/kernel/mm/transparent_hugepage/defrag is 'always'.
2017-03-23T11:04:43.961+0000 I CONTROL  [initandlisten] **        We suggest setting it to 'never'
2017-03-23T11:04:43.961+0000 I CONTROL  [initandlisten]
> db.version()
3.2.12
> use nasa
switched to db nasa
> db.eva.count()
375
> quit()
vagrant@vagrant-ubuntu-trusty-64:~$ exit
logout
Connection to 127.0.0.1 closed.

Aspire@Acer MINGW64 /e/Working/MongoDB/MongoDB University/2016/M233 Getting Started with Spark and MongoDB/Units/Spark and MongoDB/1 Welcome, prerequisites, and setting up your learning environment/Vagrantfile
$ exit
