
Aspire@Acer MINGW64 ~
$ vagrant --version
Vagrant 1.9.2

Aspire@Acer MINGW64 ~
$ cd "E:\Working\MongoDB\MongoDB University\2016\M233 Getting Started with Spark and MongoDB\Units\Spark and MongoDB\1 Welcome, prerequisites, and setting up your learning environment\Vagrantfile"

Aspire@Acer MINGW64 /e/Working/MongoDB/MongoDB University/2016/M233 Getting Started with Spark and MongoDB/Units/Spark and MongoDB/1 Welcome, prerequisites, and setting up your learning environment/Vagrantfile
$ vagrant up
Bringing machine 'default' up with 'virtualbox' provider...
==> default: Checking if box 'ubuntu/trusty64' is up to date...
==> default: Clearing any previously set forwarded ports...
==> default: Clearing any previously set network interfaces...
==> default: Preparing network interfaces based on configuration...
    default: Adapter 1: nat
==> default: Forwarding ports...
    default: 27017 (guest) => 27017 (host) (adapter 1)
    default: 8080 (guest) => 8080 (host) (adapter 1)
    default: 7077 (guest) => 7077 (host) (adapter 1)
    default: 22 (guest) => 2222 (host) (adapter 1)
==> default: Running 'pre-boot' VM customizations...
==> default: Booting VM...
==> default: Waiting for machine to boot. This may take a few minutes...
    default: SSH address: 127.0.0.1:2222
    default: SSH username: vagrant
    default: SSH auth method: private key
==> default: Machine booted and ready!
==> default: Checking for guest additions in VM...
    default: The guest additions on this VM do not match the installed version of
    default: VirtualBox! In most cases this is fine, but in rare cases it can
    default: prevent things such as shared folders from working properly. If you see
    default: shared folder errors, please make sure the guest additions within the
    default: virtual machine match the version of VirtualBox you have installed on
    default: your host and reload your VM.
    default:
    default: Guest Additions Version: 4.3.36
    default: VirtualBox Version: 5.1
==> default: Mounting shared folders...
    default: /vagrant => E:/Working/MongoDB/MongoDB University/2016/M233 Getting Started with Spark and MongoDB/Units/Spark and MongoDB/1 Welcome, prerequisites, and setting up your learning environment/Vagrantfile
==> default: Machine already provisioned. Run `vagrant provision` or use the `--provision`
==> default: flag to force provisioning. Provisioners marked to run always will still run.

Aspire@Acer MINGW64 /e/Working/MongoDB/MongoDB University/2016/M233 Getting Started with Spark and MongoDB/Units/Spark and MongoDB/1 Welcome, prerequisites, and setting up your learning environment/Vagrantfile
$ vagrant ssh
Welcome to Ubuntu 14.04.5 LTS (GNU/Linux 3.13.0-113-generic x86_64)

 * Documentation:  https://help.ubuntu.com/

 System information disabled due to load higher than 1.0

  Get cloud support with Ubuntu Advantage Cloud Guest:
    http://www.ubuntu.com/business/services/cloud

New release '16.04.2 LTS' available.
Run 'do-release-upgrade' to upgrade to it.


Last login: Fri Mar 24 14:35:27 2017 from 10.0.2.2
vagrant@vagrant-ubuntu-trusty-64:~$ ls
eva.csv  spark-1.6.1  spark-1.6.1.tgz
vagrant@vagrant-ubuntu-trusty-64:~$ sudo apt-get update
Ign http://repo.mongodb.org trusty/mongodb-org/3.0 InRelease
Hit http://ppa.launchpad.net trusty InRelease
Get:1 http://security.ubuntu.com trusty-security InRelease [65.9 kB]
Ign http://repo.mongodb.org trusty/mongodb-org/3.2 InRelease
Hit http://repo.mongodb.org trusty/mongodb-org/3.0 Release.gpg
Hit http://ppa.launchpad.net trusty/main amd64 Packages
Ign http://archive.ubuntu.com trusty InRelease
Hit http://ppa.launchpad.net trusty/main Translation-en
Get:2 http://archive.ubuntu.com trusty-updates InRelease [65.9 kB]
Get:3 http://security.ubuntu.com trusty-security/main Sources [127 kB]
Hit http://repo.mongodb.org trusty/mongodb-org/3.2 Release.gpg
Hit http://repo.mongodb.org trusty/mongodb-org/3.0 Release
Hit http://archive.ubuntu.com trusty-backports InRelease
Hit http://repo.mongodb.org trusty/mongodb-org/3.2 Release
Hit http://archive.ubuntu.com trusty Release.gpg
Get:4 http://security.ubuntu.com trusty-security/universe Sources [50.3 kB]
Hit http://repo.mongodb.org trusty/mongodb-org/3.0/multiverse amd64 Packages
Get:5 https://dl.bintray.com  InRelease
Ign https://dl.bintray.com  InRelease
Get:6 http://archive.ubuntu.com trusty-updates/main Sources [393 kB]
Get:7 http://security.ubuntu.com trusty-security/main amd64 Packages [594 kB]
Hit https://dl.bintray.com  Release.gpg
Hit http://repo.mongodb.org trusty/mongodb-org/3.2/multiverse amd64 Packages
Get:8 http://archive.ubuntu.com trusty-updates/restricted Sources [6,327 B]
Get:9 http://archive.ubuntu.com trusty-updates/universe Sources [175 kB]
Get:10 http://security.ubuntu.com trusty-security/universe amd64 Packages [155 kB]
Hit https://dl.bintray.com  Release
Get:11 http://security.ubuntu.com trusty-security/main Translation-en [325 kB]
Get:12 http://archive.ubuntu.com trusty-updates/multiverse Sources [7,763 B]
Get:13 http://archive.ubuntu.com trusty-updates/main amd64 Packages [962 kB]
Get:14 http://security.ubuntu.com trusty-security/universe Translation-en [90.2 kB]
Hit https://dl.bintray.com  Packages
Ign http://repo.mongodb.org trusty/mongodb-org/3.0/multiverse Translation-en_US
Get:15 https://dl.bintray.com  Translation-en_US
Ign http://repo.mongodb.org trusty/mongodb-org/3.0/multiverse Translation-en
Get:16 https://dl.bintray.com  Translation-en
Ign http://repo.mongodb.org trusty/mongodb-org/3.2/multiverse Translation-en_US
Ign http://repo.mongodb.org trusty/mongodb-org/3.2/multiverse Translation-en
Get:17 https://dl.bintray.com  Translation-en_US
Get:18 https://dl.bintray.com  Translation-en
Get:19 https://dl.bintray.com  Translation-en_US
Get:20 http://archive.ubuntu.com trusty-updates/restricted amd64 Packages [17.1 kB]
Get:21 https://dl.bintray.com  Translation-en
Get:22 http://archive.ubuntu.com trusty-updates/universe amd64 Packages [401 kB]
Get:23 https://dl.bintray.com  Translation-en_US
Get:24 https://dl.bintray.com  Translation-en
Get:25 https://dl.bintray.com  Translation-en_US
Ign https://dl.bintray.com  Translation-en_US
Get:26 https://dl.bintray.com  Translation-en
Ign https://dl.bintray.com  Translation-en
Get:27 http://archive.ubuntu.com trusty-updates/multiverse amd64 Packages [14.3 kB]
Get:28 http://archive.ubuntu.com trusty-updates/main Translation-en [474 kB]
Get:29 http://archive.ubuntu.com trusty-updates/multiverse Translation-en [7,430 B]
Get:30 http://archive.ubuntu.com trusty-updates/restricted Translation-en [3,975 B]
Get:31 http://archive.ubuntu.com trusty-updates/universe Translation-en [212 kB]
Hit http://archive.ubuntu.com trusty Release
Hit http://archive.ubuntu.com trusty-backports/main Sources
Hit http://archive.ubuntu.com trusty-backports/restricted Sources
Hit http://archive.ubuntu.com trusty-backports/universe Sources
Hit http://archive.ubuntu.com trusty-backports/multiverse Sources
Hit http://archive.ubuntu.com trusty-backports/main amd64 Packages
Hit http://archive.ubuntu.com trusty-backports/restricted amd64 Packages
Hit http://archive.ubuntu.com trusty-backports/universe amd64 Packages
Hit http://archive.ubuntu.com trusty-backports/multiverse amd64 Packages
Hit http://archive.ubuntu.com trusty-backports/main Translation-en
Hit http://archive.ubuntu.com trusty-backports/multiverse Translation-en
Hit http://archive.ubuntu.com trusty-backports/restricted Translation-en
Hit http://archive.ubuntu.com trusty-backports/universe Translation-en
Hit http://archive.ubuntu.com trusty/main Sources
Hit http://archive.ubuntu.com trusty/restricted Sources
Hit http://archive.ubuntu.com trusty/universe Sources
Hit http://archive.ubuntu.com trusty/multiverse Sources
Hit http://archive.ubuntu.com trusty/main amd64 Packages
Hit http://archive.ubuntu.com trusty/restricted amd64 Packages
Hit http://archive.ubuntu.com trusty/universe amd64 Packages
Hit http://archive.ubuntu.com trusty/multiverse amd64 Packages
Hit http://archive.ubuntu.com trusty/main Translation-en
Hit http://archive.ubuntu.com trusty/multiverse Translation-en
Hit http://archive.ubuntu.com trusty/restricted Translation-en
Hit http://archive.ubuntu.com trusty/universe Translation-en
Ign http://archive.ubuntu.com trusty/main Translation-en_US
Ign http://archive.ubuntu.com trusty/multiverse Translation-en_US
Ign http://archive.ubuntu.com trusty/restricted Translation-en_US
Ign http://archive.ubuntu.com trusty/universe Translation-en_US
Fetched 4,148 kB in 44s (92.3 kB/s)
Reading package lists... Done
vagrant@vagrant-ubuntu-trusty-64:~$ ls
eva.csv  spark-1.6.1  spark-1.6.1.tgz
vagrant@vagrant-ubuntu-trusty-64:~$ sudo apt-get install -y git
Reading package lists... Done
Building dependency tree
Reading state information... Done
The following extra packages will be installed:
  git-man liberror-perl
Suggested packages:
  git-daemon-run git-daemon-sysvinit git-doc git-el git-email git-gui gitk
  gitweb git-arch git-bzr git-cvs git-mediawiki git-svn
The following NEW packages will be installed:
  git git-man liberror-perl
0 upgraded, 3 newly installed, 0 to remove and 0 not upgraded.
Need to get 0 B/3,063 kB of archives.
After this operation, 21.9 MB of additional disk space will be used.
Selecting previously unselected package liberror-perl.
(Reading database ... 63418 files and directories currently installed.)
Preparing to unpack .../liberror-perl_0.17-1.1_all.deb ...
Unpacking liberror-perl (0.17-1.1) ...
Selecting previously unselected package git-man.
Preparing to unpack .../git-man_1%3a1.9.1-1ubuntu0.4_all.deb ...
Unpacking git-man (1:1.9.1-1ubuntu0.4) ...
Selecting previously unselected package git.
Preparing to unpack .../git_1%3a1.9.1-1ubuntu0.4_amd64.deb ...
Unpacking git (1:1.9.1-1ubuntu0.4) ...
Processing triggers for man-db (2.6.7.1-1ubuntu1) ...
Setting up liberror-perl (0.17-1.1) ...
Setting up git-man (1:1.9.1-1ubuntu0.4) ...
Setting up git (1:1.9.1-1ubuntu0.4) ...
vagrant@vagrant-ubuntu-trusty-64:~$ ls
eva.csv  spark-1.6.1  spark-1.6.1.tgz
vagrant@vagrant-ubuntu-trusty-64:~$ git --version
git version 1.9.1
vagrant@vagrant-ubuntu-trusty-64:~$ sudo apt-get update
Get:1 http://security.ubuntu.com trusty-security InRelease [65.9 kB]
Ign http://repo.mongodb.org trusty/mongodb-org/3.0 InRelease
Hit http://ppa.launchpad.net trusty InRelease
Ign http://archive.ubuntu.com trusty InRelease
Ign http://repo.mongodb.org trusty/mongodb-org/3.2 InRelease
Hit http://repo.mongodb.org trusty/mongodb-org/3.0 Release.gpg
Get:2 http://security.ubuntu.com trusty-security/main Sources [127 kB]
Hit http://archive.ubuntu.com trusty-updates InRelease
Hit http://repo.mongodb.org trusty/mongodb-org/3.2 Release.gpg
Hit http://archive.ubuntu.com trusty-backports InRelease
Hit http://ppa.launchpad.net trusty/main amd64 Packages
Hit http://repo.mongodb.org trusty/mongodb-org/3.0 Release
Hit http://repo.mongodb.org trusty/mongodb-org/3.2 Release
Hit http://repo.mongodb.org trusty/mongodb-org/3.0/multiverse amd64 Packages
Hit http://archive.ubuntu.com trusty Release.gpg
Get:3 http://security.ubuntu.com trusty-security/universe Sources [50.3 kB]
Hit http://ppa.launchpad.net trusty/main Translation-en
Hit http://archive.ubuntu.com trusty-updates/main Sources
Hit http://repo.mongodb.org trusty/mongodb-org/3.2/multiverse amd64 Packages
Hit http://archive.ubuntu.com trusty-updates/restricted Sources
Get:4 http://security.ubuntu.com trusty-security/main amd64 Packages [594 kB]
Hit http://archive.ubuntu.com trusty-updates/universe Sources
Hit http://archive.ubuntu.com trusty-updates/multiverse Sources
Hit http://archive.ubuntu.com trusty-updates/main amd64 Packages
Hit http://archive.ubuntu.com trusty-updates/restricted amd64 Packages
Get:5 https://dl.bintray.com  InRelease
Ign https://dl.bintray.com  InRelease
Hit http://archive.ubuntu.com trusty-updates/universe amd64 Packages
Hit https://dl.bintray.com  Release.gpg
Hit http://archive.ubuntu.com trusty-updates/multiverse amd64 Packages
Hit http://archive.ubuntu.com trusty-updates/main Translation-en
Hit http://archive.ubuntu.com trusty-updates/multiverse Translation-en
Ign http://repo.mongodb.org trusty/mongodb-org/3.0/multiverse Translation-en_US
Hit http://archive.ubuntu.com trusty-updates/restricted Translation-en
Ign http://repo.mongodb.org trusty/mongodb-org/3.0/multiverse Translation-en
Ign http://repo.mongodb.org trusty/mongodb-org/3.2/multiverse Translation-en_US
Ign http://repo.mongodb.org trusty/mongodb-org/3.2/multiverse Translation-en
Hit http://archive.ubuntu.com trusty-updates/universe Translation-en
Hit http://archive.ubuntu.com trusty-backports/main Sources
Hit http://archive.ubuntu.com trusty-backports/restricted Sources
Hit http://archive.ubuntu.com trusty-backports/universe Sources
Hit http://archive.ubuntu.com trusty-backports/multiverse Sources
Hit http://archive.ubuntu.com trusty-backports/main amd64 Packages
Hit http://archive.ubuntu.com trusty-backports/restricted amd64 Packages
Hit http://archive.ubuntu.com trusty-backports/universe amd64 Packages
Hit http://archive.ubuntu.com trusty-backports/multiverse amd64 Packages
Hit http://archive.ubuntu.com trusty-backports/main Translation-en
Hit http://archive.ubuntu.com trusty-backports/multiverse Translation-en
Hit http://archive.ubuntu.com trusty-backports/restricted Translation-en
Hit http://archive.ubuntu.com trusty-backports/universe Translation-en
Hit http://archive.ubuntu.com trusty Release
Hit http://archive.ubuntu.com trusty/main Sources
Hit http://archive.ubuntu.com trusty/restricted Sources
Hit http://archive.ubuntu.com trusty/universe Sources
Hit http://archive.ubuntu.com trusty/multiverse Sources
Hit http://archive.ubuntu.com trusty/main amd64 Packages
Hit http://archive.ubuntu.com trusty/restricted amd64 Packages
Hit http://archive.ubuntu.com trusty/universe amd64 Packages
Hit http://archive.ubuntu.com trusty/multiverse amd64 Packages
Hit http://archive.ubuntu.com trusty/main Translation-en
Hit http://archive.ubuntu.com trusty/multiverse Translation-en
Hit http://archive.ubuntu.com trusty/restricted Translation-en
Hit http://archive.ubuntu.com trusty/universe Translation-en
Ign http://archive.ubuntu.com trusty/main Translation-en_US
Ign http://archive.ubuntu.com trusty/multiverse Translation-en_US
Hit http://security.ubuntu.com trusty-security/universe amd64 Packages
Hit http://security.ubuntu.com trusty-security/main Translation-en
Ign http://archive.ubuntu.com trusty/restricted Translation-en_US
Ign http://archive.ubuntu.com trusty/universe Translation-en_US
Hit http://security.ubuntu.com trusty-security/universe Translation-en
Hit https://dl.bintray.com  Release
Hit https://dl.bintray.com  Packages
Get:6 https://dl.bintray.com  Translation-en_US
Get:7 https://dl.bintray.com  Translation-en
Get:8 https://dl.bintray.com  Translation-en_US
Get:9 https://dl.bintray.com  Translation-en
Get:10 https://dl.bintray.com  Translation-en_US
Get:11 https://dl.bintray.com  Translation-en
Get:12 https://dl.bintray.com  Translation-en_US
Get:13 https://dl.bintray.com  Translation-en
Get:14 https://dl.bintray.com  Translation-en_US
Ign https://dl.bintray.com  Translation-en_US
Get:15 https://dl.bintray.com  Translation-en
Ign https://dl.bintray.com  Translation-en
Fetched 837 kB in 31s (26.4 kB/s)
Reading package lists... Done
vagrant@vagrant-ubuntu-trusty-64:~$ ls
eva.csv  spark-1.6.1  spark-1.6.1.tgz
vagrant@vagrant-ubuntu-trusty-64:~$ sudo apt-get install -y sbt
Reading package lists... Done
Building dependency tree
Reading state information... Done
The following NEW packages will be installed:
  sbt
0 upgraded, 1 newly installed, 0 to remove and 0 not upgraded.
Need to get 0 B/1,034 kB of archives.
After this operation, 1,228 kB of additional disk space will be used.
Selecting previously unselected package sbt.
(Reading database ... 64166 files and directories currently installed.)
Preparing to unpack .../archives/sbt_0.13.13_all.deb ...
Unpacking sbt (0.13.13) ...
Processing triggers for man-db (2.6.7.1-1ubuntu1) ...
Setting up sbt (0.13.13) ...
vagrant@vagrant-ubuntu-trusty-64:~$ ls
eva.csv  spark-1.6.1  spark-1.6.1.tgz
vagrant@vagrant-ubuntu-trusty-64:~$ sbt -help
Usage:  [options]

  -h | -help         print this message
  -v | -verbose      this runner is chattier
  -d | -debug        set sbt log level to debug
  -no-colors         disable ANSI color codes
  -sbt-create        start sbt even if current directory contains no sbt project
  -sbt-dir   <path>  path to global settings/plugins directory (default: ~/.sbt)
  -sbt-boot  <path>  path to shared boot directory (default: ~/.sbt/boot in 0.11 series)
  -ivy       <path>  path to local Ivy repository (default: ~/.ivy2)
  -mem    <integer>  set memory options (default: , which is -Xms1024m -Xmx1024m -XX:ReservedCodeCacheSize=128m -XX:MaxPermSize=256m)
  -no-share          use all local caches; no sharing
  -no-global         uses global caches, but does not use global ~/.sbt directory.
  -jvm-debug <port>  Turn on JVM debugging, open at the given port.
  -batch             Disable interactive mode

  # sbt version (default: from project/build.properties if present, else latest release)
  -sbt-version  <version>   use the specified version of sbt
  -sbt-jar      <path>      use the specified jar as the sbt launcher
  -sbt-rc                   use an RC version of sbt
  -sbt-snapshot             use a snapshot version of sbt

  # java version (default: java from PATH, currently java version "1.8.0_121")
  -java-home <path>         alternate JAVA_HOME

  # jvm options and output control
  JAVA_OPTS          environment variable, if unset uses ""
  .jvmopts           if this file exists in the current directory, its contents
                     are appended to JAVA_OPTS
  SBT_OPTS           environment variable, if unset uses ""
  .sbtopts           if this file exists in the current directory, its contents
                     are prepended to the runner args
  /etc/sbt/sbtopts   if this file exists, it is prepended to the runner args
  -Dkey=val          pass -Dkey=val directly to the java runtime
  -J-X               pass option -X directly to the java runtime
                     (-J is stripped)
  -S-X               add -X to sbt's scalacOptions (-S is stripped)

In the case of duplicated or conflicting options, the order above
shows precedence: JAVA_OPTS lowest, command line options highest.
vagrant@vagrant-ubuntu-trusty-64:~$ sudo apt-get update
Hit http://ppa.launchpad.net trusty InRelease
Ign http://archive.ubuntu.com trusty InRelease
Ign http://repo.mongodb.org trusty/mongodb-org/3.0 InRelease
Get:1 http://security.ubuntu.com trusty-security InRelease [65.9 kB]
Ign http://repo.mongodb.org trusty/mongodb-org/3.2 InRelease
Hit http://ppa.launchpad.net trusty/main amd64 Packages
Get:2 http://archive.ubuntu.com trusty-updates InRelease [65.9 kB]
Hit http://ppa.launchpad.net trusty/main Translation-en
Get:3 http://security.ubuntu.com trusty-security/main Sources [127 kB]
Hit http://archive.ubuntu.com trusty-backports InRelease
Hit http://repo.mongodb.org trusty/mongodb-org/3.0 Release.gpg
Hit http://archive.ubuntu.com trusty Release.gpg
Get:4 http://security.ubuntu.com trusty-security/universe Sources [50.3 kB]
Get:5 http://archive.ubuntu.com trusty-updates/main Sources [393 kB]
Get:6 http://security.ubuntu.com trusty-security/main amd64 Packages [594 kB]
Hit http://repo.mongodb.org trusty/mongodb-org/3.2 Release.gpg
Get:7 http://archive.ubuntu.com trusty-updates/restricted Sources [6,327 B]
Get:8 http://archive.ubuntu.com trusty-updates/universe Sources [175 kB]
Hit http://repo.mongodb.org trusty/mongodb-org/3.0 Release
Get:9 http://archive.ubuntu.com trusty-updates/multiverse Sources [7,763 B]
Get:10 http://archive.ubuntu.com trusty-updates/main amd64 Packages [962 kB]
Get:11 http://security.ubuntu.com trusty-security/universe amd64 Packages [155 kB]
Hit http://repo.mongodb.org trusty/mongodb-org/3.2 Release
Get:12 https://dl.bintray.com  InRelease
Ign https://dl.bintray.com  InRelease
Hit http://security.ubuntu.com trusty-security/main Translation-en
Hit http://security.ubuntu.com trusty-security/universe Translation-en
Hit https://dl.bintray.com  Release.gpg
Hit http://repo.mongodb.org trusty/mongodb-org/3.0/multiverse amd64 Packages
Get:13 http://archive.ubuntu.com trusty-updates/restricted amd64 Packages [17.1 kB]
Get:14 http://archive.ubuntu.com trusty-updates/universe amd64 Packages [401 kB]
Get:15 http://archive.ubuntu.com trusty-updates/multiverse amd64 Packages [14.3 kB]
Hit http://repo.mongodb.org trusty/mongodb-org/3.2/multiverse amd64 Packages
Hit http://archive.ubuntu.com trusty-updates/main Translation-en
Hit http://archive.ubuntu.com trusty-updates/multiverse Translation-en
Hit https://dl.bintray.com  Release
Hit http://archive.ubuntu.com trusty-updates/restricted Translation-en
Hit http://archive.ubuntu.com trusty-updates/universe Translation-en
Hit http://archive.ubuntu.com trusty-backports/main Sources
Hit http://archive.ubuntu.com trusty-backports/restricted Sources
Hit http://archive.ubuntu.com trusty-backports/universe Sources
Hit http://archive.ubuntu.com trusty-backports/multiverse Sources
Hit https://dl.bintray.com  Packages
Hit http://archive.ubuntu.com trusty-backports/main amd64 Packages
Hit http://archive.ubuntu.com trusty-backports/restricted amd64 Packages
Hit http://archive.ubuntu.com trusty-backports/universe amd64 Packages
Hit http://archive.ubuntu.com trusty-backports/multiverse amd64 Packages
Hit http://archive.ubuntu.com trusty-backports/main Translation-en
Hit http://archive.ubuntu.com trusty-backports/multiverse Translation-en
Hit http://archive.ubuntu.com trusty-backports/restricted Translation-en
Get:16 https://dl.bintray.com  Translation-en_US
Hit http://archive.ubuntu.com trusty-backports/universe Translation-en
Ign http://repo.mongodb.org trusty/mongodb-org/3.0/multiverse Translation-en_US
Hit http://archive.ubuntu.com trusty Release
Get:17 https://dl.bintray.com  Translation-en
Hit http://archive.ubuntu.com trusty/main Sources
Ign http://repo.mongodb.org trusty/mongodb-org/3.0/multiverse Translation-en
Ign http://repo.mongodb.org trusty/mongodb-org/3.2/multiverse Translation-en_US
Get:18 https://dl.bintray.com  Translation-en_US
Ign http://repo.mongodb.org trusty/mongodb-org/3.2/multiverse Translation-en
Hit http://archive.ubuntu.com trusty/restricted Sources
Hit http://archive.ubuntu.com trusty/universe Sources
Get:19 https://dl.bintray.com  Translation-en
Hit http://archive.ubuntu.com trusty/multiverse Sources
Get:20 https://dl.bintray.com  Translation-en_US
Hit http://archive.ubuntu.com trusty/main amd64 Packages
Hit http://archive.ubuntu.com trusty/restricted amd64 Packages
Get:21 https://dl.bintray.com  Translation-en
Hit http://archive.ubuntu.com trusty/universe amd64 Packages
Get:22 https://dl.bintray.com  Translation-en_US
Hit http://archive.ubuntu.com trusty/multiverse amd64 Packages
Get:23 https://dl.bintray.com  Translation-en
Hit http://archive.ubuntu.com trusty/main Translation-en
Get:24 https://dl.bintray.com  Translation-en_US
Ign https://dl.bintray.com  Translation-en_US
Get:25 https://dl.bintray.com  Translation-en
Ign https://dl.bintray.com  Translation-en
Hit http://archive.ubuntu.com trusty/multiverse Translation-en
Hit http://archive.ubuntu.com trusty/restricted Translation-en
Hit http://archive.ubuntu.com trusty/universe Translation-en
Ign http://archive.ubuntu.com trusty/main Translation-en_US
Ign http://archive.ubuntu.com trusty/multiverse Translation-en_US
Ign http://archive.ubuntu.com trusty/restricted Translation-en_US
Ign http://archive.ubuntu.com trusty/universe Translation-en_US
Fetched 3,035 kB in 26s (114 kB/s)
Reading package lists... Done
vagrant@vagrant-ubuntu-trusty-64:~$ ls
eva.csv  spark-1.6.1  spark-1.6.1.tgz
vagrant@vagrant-ubuntu-trusty-64:~$ git clone https://github.com/breinero/MongoDB_Spark_Course.git
Cloning into 'MongoDB_Spark_Course'...
remote: Counting objects: 93, done.
remote: Total 93 (delta 0), reused 0 (delta 0), pack-reused 93
Unpacking objects: 100% (93/93), done.
Checking connectivity... done.
vagrant@vagrant-ubuntu-trusty-64:~$ ls
eva.csv  MongoDB_Spark_Course  spark-1.6.1  spark-1.6.1.tgz
vagrant@vagrant-ubuntu-trusty-64:~$ sudo chown -R vagrant:vagrant MongoDB_Spark_Course
vagrant@vagrant-ubuntu-trusty-64:~$ cd MongoDB_Spark_Course
vagrant@vagrant-ubuntu-trusty-64:~/MongoDB_Spark_Course$ chmod 755 gradlew*
vagrant@vagrant-ubuntu-trusty-64:~/MongoDB_Spark_Course$ ./gradlew jar
Downloading https://services.gradle.org/distributions/gradle-2.9-bin.zip
...............................................................................................................................................................................................................................................................................................................................................................................................................................................................................................................................................................................................................................................................................................................................................................................................................................................................................................................................................................................................................................................................................................................................................................................................................................................................................................................................................................................................................................................................................................................................................................................................................................................................................................................................................................................................................................................................................................................................................................................................................................................................................................................................................................................................................................................................................................................................
Unzipping /home/vagrant/.gradle/wrapper/dists/gradle-2.9-bin/ebaspjjvvkuki3ldbldx7hexd/gradle-2.9-bin.zip to /home/vagrant/.gradle/wrapper/dists/gradle-2.9-bin/ebaspjjvvkuki3ldbldx7hexd
Set executable permissions for: /home/vagrant/.gradle/wrapper/dists/gradle-2.9-bin/ebaspjjvvkuki3ldbldx7hexd/gradle-2.9/bin/gradle
Download https://repo1.maven.org/maven2/org/mongodb/mongo-java-driver/3.1.1/mongo-java-driver-3.1.1.pom
Download https://repo1.maven.org/maven2/org/mongodb/spark/mongo-spark-connector_2.10/0.1/mongo-spark-connector_2.10-0.1.pom
Download https://repo1.maven.org/maven2/org/apache/spark/spark-core_2.10/1.6.1/spark-core_2.10-1.6.1.pom
Download https://repo1.maven.org/maven2/org/apache/spark/spark-parent_2.10/1.6.1/spark-parent_2.10-1.6.1.pom
Download https://repo1.maven.org/maven2/org/apache/apache/14/apache-14.pom
Download https://repo1.maven.org/maven2/org/apache/spark/spark-sql_2.10/1.6.1/spark-sql_2.10-1.6.1.pom
Download https://repo1.maven.org/maven2/org/scala-lang/scala-library/2.10.6/scala-library-2.10.6.pom
Download https://repo1.maven.org/maven2/org/apache/avro/avro-mapred/1.7.7/avro-mapred-1.7.7.pom
Download https://repo1.maven.org/maven2/org/apache/avro/avro-parent/1.7.7/avro-parent-1.7.7.pom
Download https://repo1.maven.org/maven2/org/apache/avro/avro-toplevel/1.7.7/avro-toplevel-1.7.7.pom
Download https://repo1.maven.org/maven2/org/apache/apache/10/apache-10.pom
Download https://repo1.maven.org/maven2/com/twitter/chill_2.10/0.5.0/chill_2.10-0.5.0.pom
Download https://repo1.maven.org/maven2/com/twitter/chill-java/0.5.0/chill-java-0.5.0.pom
Download https://repo1.maven.org/maven2/org/apache/xbean/xbean-asm5-shaded/4.4/xbean-asm5-shaded-4.4.pom
Download https://repo1.maven.org/maven2/org/apache/xbean/xbean/4.4/xbean-4.4.pom
Download https://repo1.maven.org/maven2/org/apache/geronimo/genesis/genesis-java5-flava/2.1/genesis-java5-flava-2.1.pom
Download https://repo1.maven.org/maven2/org/apache/geronimo/genesis/genesis-default-flava/2.1/genesis-default-flava-2.1.pom
Download https://repo1.maven.org/maven2/org/apache/geronimo/genesis/genesis/2.1/genesis-2.1.pom
Download https://repo1.maven.org/maven2/org/apache/apache/13/apache-13.pom
Download https://repo1.maven.org/maven2/org/apache/hadoop/hadoop-client/2.2.0/hadoop-client-2.2.0.pom
Download https://repo1.maven.org/maven2/org/apache/hadoop/hadoop-project-dist/2.2.0/hadoop-project-dist-2.2.0.pom
Download https://repo1.maven.org/maven2/org/apache/hadoop/hadoop-project/2.2.0/hadoop-project-2.2.0.pom
Download https://repo1.maven.org/maven2/org/apache/hadoop/hadoop-main/2.2.0/hadoop-main-2.2.0.pom
Download https://repo1.maven.org/maven2/org/apache/spark/spark-launcher_2.10/1.6.1/spark-launcher_2.10-1.6.1.pom
Download https://repo1.maven.org/maven2/org/apache/spark/spark-network-common_2.10/1.6.1/spark-network-common_2.10-1.6.1.pom
Download https://repo1.maven.org/maven2/org/apache/spark/spark-network-shuffle_2.10/1.6.1/spark-network-shuffle_2.10-1.6.1.pom
Download https://repo1.maven.org/maven2/org/apache/spark/spark-unsafe_2.10/1.6.1/spark-unsafe_2.10-1.6.1.pom
Download https://repo1.maven.org/maven2/net/java/dev/jets3t/jets3t/0.7.1/jets3t-0.7.1.pom
Download https://repo1.maven.org/maven2/org/apache/curator/curator-recipes/2.4.0/curator-recipes-2.4.0.pom
Download https://repo1.maven.org/maven2/org/apache/curator/apache-curator/2.4.0/apache-curator-2.4.0.pom
Download https://repo1.maven.org/maven2/org/eclipse/jetty/orbit/javax.servlet/3.0.0.v201112011016/javax.servlet-3.0.0.v201112011016.pom
Download https://repo1.maven.org/maven2/org/eclipse/jetty/orbit/jetty-orbit/1/jetty-orbit-1.pom
Download https://repo1.maven.org/maven2/org/eclipse/jetty/jetty-parent/18/jetty-parent-18.pom
Download https://repo1.maven.org/maven2/org/apache/commons/commons-lang3/3.3.2/commons-lang3-3.3.2.pom
Download https://repo1.maven.org/maven2/org/apache/commons/commons-parent/33/commons-parent-33.pom
Download https://repo1.maven.org/maven2/org/apache/commons/commons-math3/3.4.1/commons-math3-3.4.1.pom
Download https://repo1.maven.org/maven2/org/apache/commons/commons-parent/34/commons-parent-34.pom
Download https://repo1.maven.org/maven2/com/google/code/findbugs/jsr305/1.3.9/jsr305-1.3.9.pom
Download https://repo1.maven.org/maven2/org/slf4j/slf4j-api/1.7.10/slf4j-api-1.7.10.pom
Download https://repo1.maven.org/maven2/org/slf4j/slf4j-parent/1.7.10/slf4j-parent-1.7.10.pom
Download https://repo1.maven.org/maven2/org/slf4j/jul-to-slf4j/1.7.10/jul-to-slf4j-1.7.10.pom
Download https://repo1.maven.org/maven2/org/slf4j/jcl-over-slf4j/1.7.10/jcl-over-slf4j-1.7.10.pom
Download https://repo1.maven.org/maven2/log4j/log4j/1.2.17/log4j-1.2.17.pom
Download https://repo1.maven.org/maven2/org/slf4j/slf4j-log4j12/1.7.10/slf4j-log4j12-1.7.10.pom
Download https://repo1.maven.org/maven2/com/ning/compress-lzf/1.0.3/compress-lzf-1.0.3.pom
Download https://repo1.maven.org/maven2/org/sonatype/oss/oss-parent/7/oss-parent-7.pom
Download https://repo1.maven.org/maven2/org/xerial/snappy/snappy-java/1.1.2/snappy-java-1.1.2.pom
Download https://repo1.maven.org/maven2/net/jpountz/lz4/lz4/1.3.0/lz4-1.3.0.pom
Download https://repo1.maven.org/maven2/org/roaringbitmap/RoaringBitmap/0.5.11/RoaringBitmap-0.5.11.pom
Download https://repo1.maven.org/maven2/org/sonatype/oss/oss-parent/5/oss-parent-5.pom
Download https://repo1.maven.org/maven2/commons-net/commons-net/2.2/commons-net-2.2.pom
Download https://repo1.maven.org/maven2/org/apache/commons/commons-parent/17/commons-parent-17.pom
Download https://repo1.maven.org/maven2/org/apache/apache/7/apache-7.pom
Download https://repo1.maven.org/maven2/com/typesafe/akka/akka-remote_2.10/2.3.11/akka-remote_2.10-2.3.11.pom
Download https://repo1.maven.org/maven2/com/typesafe/akka/akka-slf4j_2.10/2.3.11/akka-slf4j_2.10-2.3.11.pom
Download https://repo1.maven.org/maven2/org/json4s/json4s-jackson_2.10/3.2.10/json4s-jackson_2.10-3.2.10.pom
Download https://repo1.maven.org/maven2/com/sun/jersey/jersey-server/1.9/jersey-server-1.9.pom
Download https://repo1.maven.org/maven2/com/sun/jersey/jersey-project/1.9/jersey-project-1.9.pom
Download https://repo1.maven.org/maven2/net/java/jvnet-parent/1/jvnet-parent-1.pom
Download https://repo1.maven.org/maven2/com/sun/jersey/jersey-core/1.9/jersey-core-1.9.pom
Download https://repo1.maven.org/maven2/org/apache/mesos/mesos/0.21.1/mesos-0.21.1.pom
Download https://repo1.maven.org/maven2/org/apache/apache/11/apache-11.pom
Download https://repo1.maven.org/maven2/io/netty/netty-all/4.0.29.Final/netty-all-4.0.29.Final.pom
Download https://repo1.maven.org/maven2/io/netty/netty-parent/4.0.29.Final/netty-parent-4.0.29.Final.pom
Download https://repo1.maven.org/maven2/org/sonatype/oss/oss-parent/9/oss-parent-9.pom
Download https://repo1.maven.org/maven2/com/clearspring/analytics/stream/2.7.0/stream-2.7.0.pom
Download https://repo1.maven.org/maven2/io/dropwizard/metrics/metrics-core/3.1.2/metrics-core-3.1.2.pom
Download https://repo1.maven.org/maven2/io/dropwizard/metrics/metrics-parent/3.1.2/metrics-parent-3.1.2.pom
Download https://repo1.maven.org/maven2/io/dropwizard/metrics/metrics-jvm/3.1.2/metrics-jvm-3.1.2.pom
Download https://repo1.maven.org/maven2/io/dropwizard/metrics/metrics-json/3.1.2/metrics-json-3.1.2.pom
Download https://repo1.maven.org/maven2/io/dropwizard/metrics/metrics-graphite/3.1.2/metrics-graphite-3.1.2.pom
Download https://repo1.maven.org/maven2/com/fasterxml/jackson/core/jackson-databind/2.4.4/jackson-databind-2.4.4.pom
Download https://repo1.maven.org/maven2/com/fasterxml/jackson/jackson-parent/2.4/jackson-parent-2.4.pom
Download https://repo1.maven.org/maven2/com/fasterxml/oss-parent/16/oss-parent-16.pom
Download https://repo1.maven.org/maven2/com/fasterxml/jackson/module/jackson-module-scala_2.10/2.4.4/jackson-module-scala_2.10-2.4.4.pom
Download https://repo1.maven.org/maven2/org/apache/ivy/ivy/2.4.0/ivy-2.4.0.pom
Download https://repo1.maven.org/maven2/oro/oro/2.0.8/oro-2.0.8.pom
Download https://repo1.maven.org/maven2/org/tachyonproject/tachyon-client/0.8.2/tachyon-client-0.8.2.pom
Download https://repo1.maven.org/maven2/org/tachyonproject/tachyon-clients/0.8.2/tachyon-clients-0.8.2.pom
Download https://repo1.maven.org/maven2/org/tachyonproject/tachyon-parent/0.8.2/tachyon-parent-0.8.2.pom
Download https://repo1.maven.org/maven2/net/razorvine/pyrolite/4.9/pyrolite-4.9.pom
Download https://repo1.maven.org/maven2/net/sf/py4j/py4j/0.9/py4j-0.9.pom
Download https://repo1.maven.org/maven2/org/spark-project/spark/unused/1.0.0/unused-1.0.0.pom
Download https://repo1.maven.org/maven2/org/apache/spark/spark-catalyst_2.10/1.6.1/spark-catalyst_2.10-1.6.1.pom
Download https://repo1.maven.org/maven2/org/apache/parquet/parquet-column/1.7.0/parquet-column-1.7.0.pom
Download https://repo1.maven.org/maven2/org/apache/parquet/parquet/1.7.0/parquet-1.7.0.pom
Download https://repo1.maven.org/maven2/org/apache/apache/16/apache-16.pom
Download https://repo1.maven.org/maven2/org/apache/parquet/parquet-hadoop/1.7.0/parquet-hadoop-1.7.0.pom
Download https://repo1.maven.org/maven2/org/apache/avro/avro-ipc/1.7.7/avro-ipc-1.7.7.pom
Download https://repo1.maven.org/maven2/org/codehaus/jackson/jackson-core-asl/1.9.13/jackson-core-asl-1.9.13.pom
Download https://repo1.maven.org/maven2/org/codehaus/jackson/jackson-mapper-asl/1.9.13/jackson-mapper-asl-1.9.13.pom
Download https://repo1.maven.org/maven2/com/esotericsoftware/kryo/kryo/2.21/kryo-2.21.pom
Download https://repo1.maven.org/maven2/org/apache/hadoop/hadoop-common/2.2.0/hadoop-common-2.2.0.pom
Download https://repo1.maven.org/maven2/org/apache/hadoop/hadoop-hdfs/2.2.0/hadoop-hdfs-2.2.0.pom
Download https://repo1.maven.org/maven2/org/apache/hadoop/hadoop-mapreduce-client-app/2.2.0/hadoop-mapreduce-client-app-2.2.0.pom
Download https://repo1.maven.org/maven2/org/apache/hadoop/hadoop-mapreduce-client/2.2.0/hadoop-mapreduce-client-2.2.0.pom
Download https://repo1.maven.org/maven2/org/apache/hadoop/hadoop-yarn-api/2.2.0/hadoop-yarn-api-2.2.0.pom
Download https://repo1.maven.org/maven2/org/apache/hadoop/hadoop-yarn/2.2.0/hadoop-yarn-2.2.0.pom
Download https://repo1.maven.org/maven2/org/apache/hadoop/hadoop-mapreduce-client-core/2.2.0/hadoop-mapreduce-client-core-2.2.0.pom
Download https://repo1.maven.org/maven2/org/apache/hadoop/hadoop-mapreduce-client-jobclient/2.2.0/hadoop-mapreduce-client-jobclient-2.2.0.pom
Download https://repo1.maven.org/maven2/org/apache/hadoop/hadoop-annotations/2.2.0/hadoop-annotations-2.2.0.pom
Download https://repo1.maven.org/maven2/org/fusesource/leveldbjni/leveldbjni-all/1.8/leveldbjni-all-1.8.pom
Download https://repo1.maven.org/maven2/org/fusesource/leveldbjni/leveldbjni-project/1.8/leveldbjni-project-1.8.pom
Download https://repo1.maven.org/maven2/org/fusesource/fusesource-pom/1.9/fusesource-pom-1.9.pom
Download https://repo1.maven.org/maven2/com/fasterxml/jackson/core/jackson-annotations/2.4.4/jackson-annotations-2.4.4.pom
Download https://repo1.maven.org/maven2/commons-codec/commons-codec/1.3/commons-codec-1.3.pom
Download https://repo1.maven.org/maven2/commons-httpclient/commons-httpclient/3.1/commons-httpclient-3.1.pom
Download https://repo1.maven.org/maven2/org/apache/curator/curator-framework/2.4.0/curator-framework-2.4.0.pom
Download https://repo1.maven.org/maven2/org/apache/zookeeper/zookeeper/3.4.5/zookeeper-3.4.5.pom
Download https://repo1.maven.org/maven2/com/google/guava/guava/14.0.1/guava-14.0.1.pom
Download https://repo1.maven.org/maven2/com/google/guava/guava-parent/14.0.1/guava-parent-14.0.1.pom
Download https://repo1.maven.org/maven2/com/typesafe/akka/akka-actor_2.10/2.3.11/akka-actor_2.10-2.3.11.pom
Download https://repo1.maven.org/maven2/io/netty/netty/3.8.0.Final/netty-3.8.0.Final.pom
Download https://repo1.maven.org/maven2/com/google/protobuf/protobuf-java/2.5.0/protobuf-java-2.5.0.pom
Download https://repo1.maven.org/maven2/com/google/google/1/google-1.pom
Download https://repo1.maven.org/maven2/org/uncommons/maths/uncommons-maths/1.2.2a/uncommons-maths-1.2.2a.pom
Download https://repo1.maven.org/maven2/org/json4s/json4s-core_2.10/3.2.10/json4s-core_2.10-3.2.10.pom
Download https://repo1.maven.org/maven2/asm/asm/3.1/asm-3.1.pom
Download https://repo1.maven.org/maven2/asm/asm-parent/3.1/asm-parent-3.1.pom
Download https://repo1.maven.org/maven2/org/scala-lang/scala-reflect/2.10.4/scala-reflect-2.10.4.pom
Download https://repo1.maven.org/maven2/com/fasterxml/jackson/core/jackson-core/2.4.4/jackson-core-2.4.4.pom
Download https://repo1.maven.org/maven2/com/thoughtworks/paranamer/paranamer/2.6/paranamer-2.6.pom
Download https://repo1.maven.org/maven2/com/thoughtworks/paranamer/paranamer-parent/2.6/paranamer-parent-2.6.pom
Download https://repo1.maven.org/maven2/org/codehaus/codehaus-parent/4/codehaus-parent-4.pom
Download https://repo1.maven.org/maven2/commons-lang/commons-lang/2.4/commons-lang-2.4.pom
Download https://repo1.maven.org/maven2/org/apache/commons/commons-parent/9/commons-parent-9.pom
Download https://repo1.maven.org/maven2/org/apache/apache/4/apache-4.pom
Download https://repo1.maven.org/maven2/commons-io/commons-io/2.4/commons-io-2.4.pom
Download https://repo1.maven.org/maven2/org/apache/commons/commons-parent/25/commons-parent-25.pom
Download https://repo1.maven.org/maven2/org/apache/apache/9/apache-9.pom
Download https://repo1.maven.org/maven2/org/tachyonproject/tachyon-underfs-hdfs/0.8.2/tachyon-underfs-hdfs-0.8.2.pom
Download https://repo1.maven.org/maven2/org/tachyonproject/tachyon-underfs/0.8.2/tachyon-underfs-0.8.2.pom
Download https://repo1.maven.org/maven2/org/tachyonproject/tachyon-underfs-s3/0.8.2/tachyon-underfs-s3-0.8.2.pom
Download https://repo1.maven.org/maven2/org/tachyonproject/tachyon-underfs-local/0.8.2/tachyon-underfs-local-0.8.2.pom
Download https://repo1.maven.org/maven2/org/codehaus/janino/janino/2.7.8/janino-2.7.8.pom
Download https://repo1.maven.org/maven2/org/codehaus/janino/janino-parent/2.7.8/janino-parent-2.7.8.pom
Download https://repo1.maven.org/maven2/org/apache/parquet/parquet-common/1.7.0/parquet-common-1.7.0.pom
Download https://repo1.maven.org/maven2/org/apache/parquet/parquet-encoding/1.7.0/parquet-encoding-1.7.0.pom
Download https://repo1.maven.org/maven2/org/apache/parquet/parquet-format/2.3.0-incubating/parquet-format-2.3.0-incubating.pom
Download https://repo1.maven.org/maven2/org/apache/parquet/parquet-jackson/1.7.0/parquet-jackson-1.7.0.pom
Download https://repo1.maven.org/maven2/org/apache/avro/avro/1.7.7/avro-1.7.7.pom
Download https://repo1.maven.org/maven2/com/esotericsoftware/reflectasm/reflectasm/1.07/reflectasm-1.07.pom
Download https://repo1.maven.org/maven2/com/esotericsoftware/minlog/minlog/1.2/minlog-1.2.pom
Download https://repo1.maven.org/maven2/org/objenesis/objenesis/1.2/objenesis-1.2.pom
Download https://repo1.maven.org/maven2/org/objenesis/objenesis-parent/1.2/objenesis-parent-1.2.pom
Download https://repo1.maven.org/maven2/commons-cli/commons-cli/1.2/commons-cli-1.2.pom
Download https://repo1.maven.org/maven2/org/apache/commons/commons-parent/11/commons-parent-11.pom
Download https://repo1.maven.org/maven2/org/apache/commons/commons-math/2.1/commons-math-2.1.pom
Download https://repo1.maven.org/maven2/org/apache/commons/commons-parent/14/commons-parent-14.pom
Download https://repo1.maven.org/maven2/xmlenc/xmlenc/0.52/xmlenc-0.52.pom
Download https://repo1.maven.org/maven2/commons-configuration/commons-configuration/1.6/commons-configuration-1.6.pom
Download https://repo1.maven.org/maven2/org/apache/hadoop/hadoop-auth/2.2.0/hadoop-auth-2.2.0.pom
Download https://repo1.maven.org/maven2/org/apache/commons/commons-compress/1.4.1/commons-compress-1.4.1.pom
Download https://repo1.maven.org/maven2/org/apache/commons/commons-parent/24/commons-parent-24.pom
Download https://repo1.maven.org/maven2/org/mortbay/jetty/jetty-util/6.1.26/jetty-util-6.1.26.pom
Download https://repo1.maven.org/maven2/org/mortbay/jetty/project/6.1.26/project-6.1.26.pom
Download https://repo1.maven.org/maven2/org/mortbay/jetty/jetty-parent/10/jetty-parent-10.pom
Download https://repo1.maven.org/maven2/org/eclipse/jetty/jetty-parent/14/jetty-parent-14.pom
Download https://repo1.maven.org/maven2/org/apache/hadoop/hadoop-mapreduce-client-common/2.2.0/hadoop-mapreduce-client-common-2.2.0.pom
Download https://repo1.maven.org/maven2/org/apache/hadoop/hadoop-mapreduce-client-shuffle/2.2.0/hadoop-mapreduce-client-shuffle-2.2.0.pom
Download https://repo1.maven.org/maven2/org/apache/hadoop/hadoop-yarn-common/2.2.0/hadoop-yarn-common-2.2.0.pom
Download https://repo1.maven.org/maven2/org/apache/curator/curator-client/2.4.0/curator-client-2.4.0.pom
Download https://repo1.maven.org/maven2/jline/jline/0.9.94/jline-0.9.94.pom
Download https://repo1.maven.org/maven2/com/typesafe/config/1.2.1/config-1.2.1.pom
Download https://repo1.maven.org/maven2/org/json4s/json4s-ast_2.10/3.2.10/json4s-ast_2.10-3.2.10.pom
Download https://repo1.maven.org/maven2/org/scala-lang/scalap/2.10.0/scalap-2.10.0.pom
Download https://repo1.maven.org/maven2/org/codehaus/janino/commons-compiler/2.7.8/commons-compiler-2.7.8.pom
Download https://repo1.maven.org/maven2/org/apache/parquet/parquet-generator/1.7.0/parquet-generator-1.7.0.pom
Download https://repo1.maven.org/maven2/commons-collections/commons-collections/3.2.1/commons-collections-3.2.1.pom
Download https://repo1.maven.org/maven2/commons-digester/commons-digester/1.8/commons-digester-1.8.pom
Download https://repo1.maven.org/maven2/commons-beanutils/commons-beanutils-core/1.8.0/commons-beanutils-core-1.8.0.pom
Download https://repo1.maven.org/maven2/org/tukaani/xz/1.0/xz-1.0.pom
Download https://repo1.maven.org/maven2/org/apache/hadoop/hadoop-yarn-client/2.2.0/hadoop-yarn-client-2.2.0.pom
Download https://repo1.maven.org/maven2/org/apache/hadoop/hadoop-yarn-server-common/2.2.0/hadoop-yarn-server-common-2.2.0.pom
Download https://repo1.maven.org/maven2/org/apache/hadoop/hadoop-yarn-server/2.2.0/hadoop-yarn-server-2.2.0.pom
Download https://repo1.maven.org/maven2/org/apache/hadoop/hadoop-yarn-server-nodemanager/2.2.0/hadoop-yarn-server-nodemanager-2.2.0.pom
Download https://repo1.maven.org/maven2/com/google/inject/guice/3.0/guice-3.0.pom
Download https://repo1.maven.org/maven2/com/google/inject/guice-parent/3.0/guice-parent-3.0.pom
Download https://repo1.maven.org/maven2/com/google/google/5/google-5.pom
Download https://repo1.maven.org/maven2/com/sun/jersey/jersey-test-framework/jersey-test-framework-grizzly2/1.9/jersey-test-framework-grizzly2-1.9.pom
Download https://repo1.maven.org/maven2/com/sun/jersey/jersey-test-framework/1.9/jersey-test-framework-1.9.pom
Download https://repo1.maven.org/maven2/com/sun/jersey/jersey-json/1.9/jersey-json-1.9.pom
Download https://repo1.maven.org/maven2/com/sun/jersey/contribs/jersey-guice/1.9/jersey-guice-1.9.pom
Download https://repo1.maven.org/maven2/com/sun/jersey/contribs/jersey-contribs/1.9/jersey-contribs-1.9.pom
Download https://repo1.maven.org/maven2/org/scala-lang/scala-compiler/2.10.0/scala-compiler-2.10.0.pom
Download https://repo1.maven.org/maven2/commons-beanutils/commons-beanutils/1.7.0/commons-beanutils-1.7.0.pom
Download https://repo1.maven.org/maven2/javax/inject/javax.inject/1/javax.inject-1.pom
Download https://repo1.maven.org/maven2/aopalliance/aopalliance/1.0/aopalliance-1.0.pom
Download https://repo1.maven.org/maven2/org/sonatype/sisu/inject/cglib/2.2.1-v20090111/cglib-2.2.1-v20090111.pom
Download https://repo1.maven.org/maven2/org/sonatype/forge/forge-parent/6/forge-parent-6.pom
Download https://repo1.maven.org/maven2/com/sun/jersey/jersey-test-framework/jersey-test-framework-core/1.9/jersey-test-framework-core-1.9.pom
Download https://repo1.maven.org/maven2/com/sun/jersey/jersey-grizzly2/1.9/jersey-grizzly2-1.9.pom
Download https://repo1.maven.org/maven2/org/codehaus/jettison/jettison/1.1/jettison-1.1.pom
Download https://repo1.maven.org/maven2/com/sun/xml/bind/jaxb-impl/2.2.3-1/jaxb-impl-2.2.3-1.pom
Download https://repo1.maven.org/maven2/org/codehaus/jackson/jackson-jaxrs/1.8.3/jackson-jaxrs-1.8.3.pom
Download https://repo1.maven.org/maven2/org/codehaus/jackson/jackson-xc/1.8.3/jackson-xc-1.8.3.pom
Download https://repo1.maven.org/maven2/javax/servlet/javax.servlet-api/3.0.1/javax.servlet-api-3.0.1.pom
Download https://repo1.maven.org/maven2/com/sun/jersey/jersey-client/1.9/jersey-client-1.9.pom
Download https://repo1.maven.org/maven2/org/glassfish/grizzly/grizzly-http/2.1.2/grizzly-http-2.1.2.pom
Download https://repo1.maven.org/maven2/org/glassfish/grizzly/grizzly-project/2.1.2/grizzly-project-2.1.2.pom
Download https://repo1.maven.org/maven2/org/glassfish/grizzly/grizzly-http-server/2.1.2/grizzly-http-server-2.1.2.pom
Download https://repo1.maven.org/maven2/org/glassfish/grizzly/grizzly-http-servlet/2.1.2/grizzly-http-servlet-2.1.2.pom
Download https://repo1.maven.org/maven2/org/glassfish/javax.servlet/3.1/javax.servlet-3.1.pom
Download https://repo1.maven.org/maven2/org/glassfish/api-pom/3.1/api-pom-3.1.pom
Download https://repo1.maven.org/maven2/org/glassfish/glassfish-parent/3.1/glassfish-parent-3.1.pom
Download https://repo1.maven.org/maven2/org/glassfish/pom/8/pom-8.pom
Download https://repo1.maven.org/maven2/stax/stax-api/1.0.1/stax-api-1.0.1.pom
Download https://repo1.maven.org/maven2/javax/xml/bind/jaxb-api/2.2.2/jaxb-api-2.2.2.pom
Download https://repo1.maven.org/maven2/org/glassfish/grizzly/grizzly-framework/2.1.2/grizzly-framework-2.1.2.pom
Download https://repo1.maven.org/maven2/org/glassfish/grizzly/grizzly-rcm/2.1.2/grizzly-rcm-2.1.2.pom
Download https://repo1.maven.org/maven2/javax/activation/activation/1.1/activation-1.1.pom
Download https://repo1.maven.org/maven2/org/glassfish/gmbal/gmbal-api-only/3.0.0-b023/gmbal-api-only-3.0.0-b023.pom
Download https://repo1.maven.org/maven2/org/glassfish/external/management-api/3.0.0-b012/management-api-3.0.0-b012.pom
Download https://repo1.maven.org/maven2/org/mongodb/mongo-java-driver/3.2.2/mongo-java-driver-3.2.2.pom
Download https://repo1.maven.org/maven2/com/google/code/findbugs/jsr305/2.0.1/jsr305-2.0.1.pom
Download https://repo1.maven.org/maven2/org/scala-lang/scala-reflect/2.10.5/scala-reflect-2.10.5.pom
Download https://repo1.maven.org/maven2/commons-codec/commons-codec/1.5/commons-codec-1.5.pom
Download https://repo1.maven.org/maven2/org/apache/commons/commons-parent/20/commons-parent-20.pom
Download https://repo1.maven.org/maven2/commons-net/commons-net/3.1/commons-net-3.1.pom
Download https://repo1.maven.org/maven2/org/apache/commons/commons-parent/23/commons-parent-23.pom
Download https://repo1.maven.org/maven2/commons-lang/commons-lang/2.5/commons-lang-2.5.pom
Download https://repo1.maven.org/maven2/org/apache/commons/commons-parent/12/commons-parent-12.pom
Download https://repo1.maven.org/maven2/org/mongodb/spark/mongo-spark-connector_2.10/0.1/mongo-spark-connector_2.10-0.1.jar
Download https://repo1.maven.org/maven2/org/apache/spark/spark-core_2.10/1.6.1/spark-core_2.10-1.6.1.jar
Download https://repo1.maven.org/maven2/org/apache/spark/spark-sql_2.10/1.6.1/spark-sql_2.10-1.6.1.jar
Download https://repo1.maven.org/maven2/org/scala-lang/scala-library/2.10.6/scala-library-2.10.6.jar
Download https://repo1.maven.org/maven2/org/apache/avro/avro-mapred/1.7.7/avro-mapred-1.7.7-hadoop2.jar
Download https://repo1.maven.org/maven2/com/twitter/chill_2.10/0.5.0/chill_2.10-0.5.0.jar
Download https://repo1.maven.org/maven2/com/twitter/chill-java/0.5.0/chill-java-0.5.0.jar
Download https://repo1.maven.org/maven2/org/apache/xbean/xbean-asm5-shaded/4.4/xbean-asm5-shaded-4.4.jar
Download https://repo1.maven.org/maven2/org/apache/hadoop/hadoop-client/2.2.0/hadoop-client-2.2.0.jar
Download https://repo1.maven.org/maven2/org/apache/spark/spark-launcher_2.10/1.6.1/spark-launcher_2.10-1.6.1.jar
Download https://repo1.maven.org/maven2/org/apache/spark/spark-network-common_2.10/1.6.1/spark-network-common_2.10-1.6.1.jar
Download https://repo1.maven.org/maven2/org/apache/spark/spark-network-shuffle_2.10/1.6.1/spark-network-shuffle_2.10-1.6.1.jar
Download https://repo1.maven.org/maven2/org/apache/spark/spark-unsafe_2.10/1.6.1/spark-unsafe_2.10-1.6.1.jar
Download https://repo1.maven.org/maven2/net/java/dev/jets3t/jets3t/0.7.1/jets3t-0.7.1.jar
Download https://repo1.maven.org/maven2/org/apache/curator/curator-recipes/2.4.0/curator-recipes-2.4.0.jar
Download https://repo1.maven.org/maven2/org/eclipse/jetty/orbit/javax.servlet/3.0.0.v201112011016/javax.servlet-3.0.0.v201112011016.jar
Download https://repo1.maven.org/maven2/org/apache/commons/commons-lang3/3.3.2/commons-lang3-3.3.2.jar
Download https://repo1.maven.org/maven2/org/apache/commons/commons-math3/3.4.1/commons-math3-3.4.1.jar
Download https://repo1.maven.org/maven2/org/slf4j/slf4j-api/1.7.10/slf4j-api-1.7.10.jar
Download https://repo1.maven.org/maven2/org/slf4j/jul-to-slf4j/1.7.10/jul-to-slf4j-1.7.10.jar
Download https://repo1.maven.org/maven2/org/slf4j/jcl-over-slf4j/1.7.10/jcl-over-slf4j-1.7.10.jar
Download https://repo1.maven.org/maven2/log4j/log4j/1.2.17/log4j-1.2.17.jar
Download https://repo1.maven.org/maven2/org/slf4j/slf4j-log4j12/1.7.10/slf4j-log4j12-1.7.10.jar
Download https://repo1.maven.org/maven2/com/ning/compress-lzf/1.0.3/compress-lzf-1.0.3.jar
Download https://repo1.maven.org/maven2/org/xerial/snappy/snappy-java/1.1.2/snappy-java-1.1.2.jar
Download https://repo1.maven.org/maven2/net/jpountz/lz4/lz4/1.3.0/lz4-1.3.0.jar
Download https://repo1.maven.org/maven2/org/roaringbitmap/RoaringBitmap/0.5.11/RoaringBitmap-0.5.11.jar
Download https://repo1.maven.org/maven2/com/typesafe/akka/akka-remote_2.10/2.3.11/akka-remote_2.10-2.3.11.jar
Download https://repo1.maven.org/maven2/com/typesafe/akka/akka-slf4j_2.10/2.3.11/akka-slf4j_2.10-2.3.11.jar
Download https://repo1.maven.org/maven2/org/json4s/json4s-jackson_2.10/3.2.10/json4s-jackson_2.10-3.2.10.jar
Download https://repo1.maven.org/maven2/com/sun/jersey/jersey-server/1.9/jersey-server-1.9.jar
Download https://repo1.maven.org/maven2/com/sun/jersey/jersey-core/1.9/jersey-core-1.9.jar
Download https://repo1.maven.org/maven2/org/apache/mesos/mesos/0.21.1/mesos-0.21.1-shaded-protobuf.jar
Download https://repo1.maven.org/maven2/io/netty/netty-all/4.0.29.Final/netty-all-4.0.29.Final.jar
Download https://repo1.maven.org/maven2/com/clearspring/analytics/stream/2.7.0/stream-2.7.0.jar
Download https://repo1.maven.org/maven2/io/dropwizard/metrics/metrics-core/3.1.2/metrics-core-3.1.2.jar
Download https://repo1.maven.org/maven2/io/dropwizard/metrics/metrics-jvm/3.1.2/metrics-jvm-3.1.2.jar
Download https://repo1.maven.org/maven2/io/dropwizard/metrics/metrics-json/3.1.2/metrics-json-3.1.2.jar
Download https://repo1.maven.org/maven2/io/dropwizard/metrics/metrics-graphite/3.1.2/metrics-graphite-3.1.2.jar
Download https://repo1.maven.org/maven2/com/fasterxml/jackson/core/jackson-databind/2.4.4/jackson-databind-2.4.4.jar
Download https://repo1.maven.org/maven2/com/fasterxml/jackson/module/jackson-module-scala_2.10/2.4.4/jackson-module-scala_2.10-2.4.4.jar
Download https://repo1.maven.org/maven2/org/apache/ivy/ivy/2.4.0/ivy-2.4.0.jar
Download https://repo1.maven.org/maven2/oro/oro/2.0.8/oro-2.0.8.jar
Download https://repo1.maven.org/maven2/org/tachyonproject/tachyon-client/0.8.2/tachyon-client-0.8.2.jar
Download https://repo1.maven.org/maven2/net/razorvine/pyrolite/4.9/pyrolite-4.9.jar
Download https://repo1.maven.org/maven2/net/sf/py4j/py4j/0.9/py4j-0.9.jar
Download https://repo1.maven.org/maven2/org/spark-project/spark/unused/1.0.0/unused-1.0.0.jar
Download https://repo1.maven.org/maven2/org/apache/spark/spark-catalyst_2.10/1.6.1/spark-catalyst_2.10-1.6.1.jar
Download https://repo1.maven.org/maven2/org/apache/parquet/parquet-column/1.7.0/parquet-column-1.7.0.jar
Download https://repo1.maven.org/maven2/org/apache/parquet/parquet-hadoop/1.7.0/parquet-hadoop-1.7.0.jar
Download https://repo1.maven.org/maven2/org/apache/avro/avro-ipc/1.7.7/avro-ipc-1.7.7.jar
Download https://repo1.maven.org/maven2/org/apache/avro/avro-ipc/1.7.7/avro-ipc-1.7.7-tests.jar
Download https://repo1.maven.org/maven2/org/codehaus/jackson/jackson-core-asl/1.9.13/jackson-core-asl-1.9.13.jar
Download https://repo1.maven.org/maven2/org/codehaus/jackson/jackson-mapper-asl/1.9.13/jackson-mapper-asl-1.9.13.jar
Download https://repo1.maven.org/maven2/com/esotericsoftware/kryo/kryo/2.21/kryo-2.21.jar
Download https://repo1.maven.org/maven2/org/apache/hadoop/hadoop-common/2.2.0/hadoop-common-2.2.0.jar
Download https://repo1.maven.org/maven2/org/apache/hadoop/hadoop-hdfs/2.2.0/hadoop-hdfs-2.2.0.jar
Download https://repo1.maven.org/maven2/org/apache/hadoop/hadoop-mapreduce-client-app/2.2.0/hadoop-mapreduce-client-app-2.2.0.jar
Download https://repo1.maven.org/maven2/org/apache/hadoop/hadoop-yarn-api/2.2.0/hadoop-yarn-api-2.2.0.jar
Download https://repo1.maven.org/maven2/org/apache/hadoop/hadoop-mapreduce-client-core/2.2.0/hadoop-mapreduce-client-core-2.2.0.jar
Download https://repo1.maven.org/maven2/org/apache/hadoop/hadoop-mapreduce-client-jobclient/2.2.0/hadoop-mapreduce-client-jobclient-2.2.0.jar
Download https://repo1.maven.org/maven2/org/apache/hadoop/hadoop-annotations/2.2.0/hadoop-annotations-2.2.0.jar
Download https://repo1.maven.org/maven2/org/fusesource/leveldbjni/leveldbjni-all/1.8/leveldbjni-all-1.8.jar
Download https://repo1.maven.org/maven2/com/fasterxml/jackson/core/jackson-annotations/2.4.4/jackson-annotations-2.4.4.jar
Download https://repo1.maven.org/maven2/commons-httpclient/commons-httpclient/3.1/commons-httpclient-3.1.jar
Download https://repo1.maven.org/maven2/org/apache/curator/curator-framework/2.4.0/curator-framework-2.4.0.jar
Download https://repo1.maven.org/maven2/org/apache/zookeeper/zookeeper/3.4.5/zookeeper-3.4.5.jar
Download https://repo1.maven.org/maven2/com/google/guava/guava/14.0.1/guava-14.0.1.jar
Download https://repo1.maven.org/maven2/com/typesafe/akka/akka-actor_2.10/2.3.11/akka-actor_2.10-2.3.11.jar
Download https://repo1.maven.org/maven2/io/netty/netty/3.8.0.Final/netty-3.8.0.Final.jar
Download https://repo1.maven.org/maven2/com/google/protobuf/protobuf-java/2.5.0/protobuf-java-2.5.0.jar
Download https://repo1.maven.org/maven2/org/uncommons/maths/uncommons-maths/1.2.2a/uncommons-maths-1.2.2a.jar
Download https://repo1.maven.org/maven2/org/json4s/json4s-core_2.10/3.2.10/json4s-core_2.10-3.2.10.jar
Download https://repo1.maven.org/maven2/asm/asm/3.1/asm-3.1.jar
Download https://repo1.maven.org/maven2/com/fasterxml/jackson/core/jackson-core/2.4.4/jackson-core-2.4.4.jar
Download https://repo1.maven.org/maven2/com/thoughtworks/paranamer/paranamer/2.6/paranamer-2.6.jar
Download https://repo1.maven.org/maven2/commons-io/commons-io/2.4/commons-io-2.4.jar
Download https://repo1.maven.org/maven2/org/tachyonproject/tachyon-underfs-hdfs/0.8.2/tachyon-underfs-hdfs-0.8.2.jar
Download https://repo1.maven.org/maven2/org/tachyonproject/tachyon-underfs-s3/0.8.2/tachyon-underfs-s3-0.8.2.jar
Download https://repo1.maven.org/maven2/org/tachyonproject/tachyon-underfs-local/0.8.2/tachyon-underfs-local-0.8.2.jar
Download https://repo1.maven.org/maven2/org/codehaus/janino/janino/2.7.8/janino-2.7.8.jar
Download https://repo1.maven.org/maven2/org/apache/parquet/parquet-common/1.7.0/parquet-common-1.7.0.jar
Download https://repo1.maven.org/maven2/org/apache/parquet/parquet-encoding/1.7.0/parquet-encoding-1.7.0.jar
Download https://repo1.maven.org/maven2/org/apache/parquet/parquet-format/2.3.0-incubating/parquet-format-2.3.0-incubating.jar
Download https://repo1.maven.org/maven2/org/apache/parquet/parquet-jackson/1.7.0/parquet-jackson-1.7.0.jar
Download https://repo1.maven.org/maven2/org/apache/avro/avro/1.7.7/avro-1.7.7.jar
Download https://repo1.maven.org/maven2/com/esotericsoftware/reflectasm/reflectasm/1.07/reflectasm-1.07-shaded.jar
Download https://repo1.maven.org/maven2/com/esotericsoftware/minlog/minlog/1.2/minlog-1.2.jar
Download https://repo1.maven.org/maven2/org/objenesis/objenesis/1.2/objenesis-1.2.jar
Download https://repo1.maven.org/maven2/commons-cli/commons-cli/1.2/commons-cli-1.2.jar
Download https://repo1.maven.org/maven2/org/apache/commons/commons-math/2.1/commons-math-2.1.jar
Download https://repo1.maven.org/maven2/xmlenc/xmlenc/0.52/xmlenc-0.52.jar
Download https://repo1.maven.org/maven2/commons-configuration/commons-configuration/1.6/commons-configuration-1.6.jar
Download https://repo1.maven.org/maven2/org/apache/hadoop/hadoop-auth/2.2.0/hadoop-auth-2.2.0.jar
Download https://repo1.maven.org/maven2/org/apache/commons/commons-compress/1.4.1/commons-compress-1.4.1.jar
Download https://repo1.maven.org/maven2/org/mortbay/jetty/jetty-util/6.1.26/jetty-util-6.1.26.jar
Download https://repo1.maven.org/maven2/org/apache/hadoop/hadoop-mapreduce-client-common/2.2.0/hadoop-mapreduce-client-common-2.2.0.jar
Download https://repo1.maven.org/maven2/org/apache/hadoop/hadoop-mapreduce-client-shuffle/2.2.0/hadoop-mapreduce-client-shuffle-2.2.0.jar
Download https://repo1.maven.org/maven2/org/apache/hadoop/hadoop-yarn-common/2.2.0/hadoop-yarn-common-2.2.0.jar
Download https://repo1.maven.org/maven2/org/apache/curator/curator-client/2.4.0/curator-client-2.4.0.jar
Download https://repo1.maven.org/maven2/jline/jline/0.9.94/jline-0.9.94.jar
Download https://repo1.maven.org/maven2/com/typesafe/config/1.2.1/config-1.2.1.jar
Download https://repo1.maven.org/maven2/org/json4s/json4s-ast_2.10/3.2.10/json4s-ast_2.10-3.2.10.jar
Download https://repo1.maven.org/maven2/org/scala-lang/scalap/2.10.0/scalap-2.10.0.jar
Download https://repo1.maven.org/maven2/org/codehaus/janino/commons-compiler/2.7.8/commons-compiler-2.7.8.jar
Download https://repo1.maven.org/maven2/org/apache/parquet/parquet-generator/1.7.0/parquet-generator-1.7.0.jar
Download https://repo1.maven.org/maven2/commons-collections/commons-collections/3.2.1/commons-collections-3.2.1.jar
Download https://repo1.maven.org/maven2/commons-digester/commons-digester/1.8/commons-digester-1.8.jar
Download https://repo1.maven.org/maven2/commons-beanutils/commons-beanutils-core/1.8.0/commons-beanutils-core-1.8.0.jar
Download https://repo1.maven.org/maven2/org/tukaani/xz/1.0/xz-1.0.jar
Download https://repo1.maven.org/maven2/org/apache/hadoop/hadoop-yarn-client/2.2.0/hadoop-yarn-client-2.2.0.jar
Download https://repo1.maven.org/maven2/org/apache/hadoop/hadoop-yarn-server-common/2.2.0/hadoop-yarn-server-common-2.2.0.jar
Download https://repo1.maven.org/maven2/org/apache/hadoop/hadoop-yarn-server-nodemanager/2.2.0/hadoop-yarn-server-nodemanager-2.2.0.jar
Download https://repo1.maven.org/maven2/com/google/inject/guice/3.0/guice-3.0.jar
Download https://repo1.maven.org/maven2/com/sun/jersey/jersey-test-framework/jersey-test-framework-grizzly2/1.9/jersey-test-framework-grizzly2-1.9.jar
Download https://repo1.maven.org/maven2/com/sun/jersey/jersey-json/1.9/jersey-json-1.9.jar
Download https://repo1.maven.org/maven2/com/sun/jersey/contribs/jersey-guice/1.9/jersey-guice-1.9.jar
Download https://repo1.maven.org/maven2/org/scala-lang/scala-compiler/2.10.0/scala-compiler-2.10.0.jar
Download https://repo1.maven.org/maven2/commons-beanutils/commons-beanutils/1.7.0/commons-beanutils-1.7.0.jar
Download https://repo1.maven.org/maven2/javax/inject/javax.inject/1/javax.inject-1.jar
Download https://repo1.maven.org/maven2/aopalliance/aopalliance/1.0/aopalliance-1.0.jar
Download https://repo1.maven.org/maven2/org/sonatype/sisu/inject/cglib/2.2.1-v20090111/cglib-2.2.1-v20090111.jar
Download https://repo1.maven.org/maven2/com/sun/jersey/jersey-test-framework/jersey-test-framework-core/1.9/jersey-test-framework-core-1.9.jar
Download https://repo1.maven.org/maven2/com/sun/jersey/jersey-grizzly2/1.9/jersey-grizzly2-1.9.jar
Download https://repo1.maven.org/maven2/org/codehaus/jettison/jettison/1.1/jettison-1.1.jar
Download https://repo1.maven.org/maven2/com/sun/xml/bind/jaxb-impl/2.2.3-1/jaxb-impl-2.2.3-1.jar
Download https://repo1.maven.org/maven2/org/codehaus/jackson/jackson-jaxrs/1.8.3/jackson-jaxrs-1.8.3.jar
Download https://repo1.maven.org/maven2/org/codehaus/jackson/jackson-xc/1.8.3/jackson-xc-1.8.3.jar
Download https://repo1.maven.org/maven2/javax/servlet/javax.servlet-api/3.0.1/javax.servlet-api-3.0.1.jar
Download https://repo1.maven.org/maven2/com/sun/jersey/jersey-client/1.9/jersey-client-1.9.jar
Download https://repo1.maven.org/maven2/org/glassfish/grizzly/grizzly-http/2.1.2/grizzly-http-2.1.2.jar
Download https://repo1.maven.org/maven2/org/glassfish/grizzly/grizzly-http-server/2.1.2/grizzly-http-server-2.1.2.jar
Download https://repo1.maven.org/maven2/org/glassfish/grizzly/grizzly-http-servlet/2.1.2/grizzly-http-servlet-2.1.2.jar
Download https://repo1.maven.org/maven2/org/glassfish/javax.servlet/3.1/javax.servlet-3.1.jar
Download https://repo1.maven.org/maven2/stax/stax-api/1.0.1/stax-api-1.0.1.jar
Download https://repo1.maven.org/maven2/javax/xml/bind/jaxb-api/2.2.2/jaxb-api-2.2.2.jar
Download https://repo1.maven.org/maven2/org/glassfish/grizzly/grizzly-framework/2.1.2/grizzly-framework-2.1.2.jar
Download https://repo1.maven.org/maven2/org/glassfish/grizzly/grizzly-rcm/2.1.2/grizzly-rcm-2.1.2.jar
Download https://repo1.maven.org/maven2/javax/activation/activation/1.1/activation-1.1.jar
Download https://repo1.maven.org/maven2/org/glassfish/gmbal/gmbal-api-only/3.0.0-b023/gmbal-api-only-3.0.0-b023.jar
Download https://repo1.maven.org/maven2/org/glassfish/external/management-api/3.0.0-b012/management-api-3.0.0-b012.jar
Download https://repo1.maven.org/maven2/org/mongodb/mongo-java-driver/3.2.2/mongo-java-driver-3.2.2.jar
Download https://repo1.maven.org/maven2/com/google/code/findbugs/jsr305/2.0.1/jsr305-2.0.1.jar
Download https://repo1.maven.org/maven2/org/scala-lang/scala-reflect/2.10.5/scala-reflect-2.10.5.jar
Download https://repo1.maven.org/maven2/commons-codec/commons-codec/1.5/commons-codec-1.5.jar
Download https://repo1.maven.org/maven2/commons-net/commons-net/3.1/commons-net-3.1.jar
Download https://repo1.maven.org/maven2/commons-lang/commons-lang/2.5/commons-lang-2.5.jar
:compileJava
Note: /home/vagrant/MongoDB_Spark_Course/src/main/java/spacewalk/SpaceWalk.java uses unchecked or unsafe operations.
Note: Recompile with -Xlint:unchecked for details.
:processResources UP-TO-DATE
:classes
:jar

BUILD SUCCESSFUL

Total time: 9 mins 24.406 secs

This build could be faster, please consider using the Gradle Daemon: https://docs.gradle.org/2.9/userguide/gradle_daemon.html
vagrant@vagrant-ubuntu-trusty-64:~/MongoDB_Spark_Course$ cd ~
vagrant@vagrant-ubuntu-trusty-64:~$ ls MongoDB_Spark_Course
build  build.gradle  gradle  gradlew  gradlew.bat  README.md  resources  settings.gradle  src
vagrant@vagrant-ubuntu-trusty-64:~$ cat MongoDB_Spark_Course/gradlew
#!/usr/bin/env bash

##############################################################################
##
##  Gradle start up script for UN*X
##
##############################################################################

# Add default JVM options here. You can also use JAVA_OPTS and GRADLE_OPTS to pass JVM options to this script.
DEFAULT_JVM_OPTS=""

APP_NAME="Gradle"
APP_BASE_NAME=`basename "$0"`

# Use the maximum available, or set MAX_FD != -1 to use that value.
MAX_FD="maximum"

warn ( ) {
    echo "$*"
}

die ( ) {
    echo
    echo "$*"
    echo
    exit 1
}

# OS specific support (must be 'true' or 'false').
cygwin=false
msys=false
darwin=false
case "`uname`" in
  CYGWIN* )
    cygwin=true
    ;;
  Darwin* )
    darwin=true
    ;;
  MINGW* )
    msys=true
    ;;
esac

# Attempt to set APP_HOME
# Resolve links: $0 may be a link
PRG="$0"
# Need this for relative symlinks.
while [ -h "$PRG" ] ; do
    ls=`ls -ld "$PRG"`
    link=`expr "$ls" : '.*-> \(.*\)$'`
    if expr "$link" : '/.*' > /dev/null; then
        PRG="$link"
    else
        PRG=`dirname "$PRG"`"/$link"
    fi
done
SAVED="`pwd`"
cd "`dirname \"$PRG\"`/" >/dev/null
APP_HOME="`pwd -P`"
cd "$SAVED" >/dev/null

CLASSPATH=$APP_HOME/gradle/wrapper/gradle-wrapper.jar

# Determine the Java command to use to start the JVM.
if [ -n "$JAVA_HOME" ] ; then
    if [ -x "$JAVA_HOME/jre/sh/java" ] ; then
        # IBM's JDK on AIX uses strange locations for the executables
        JAVACMD="$JAVA_HOME/jre/sh/java"
    else
        JAVACMD="$JAVA_HOME/bin/java"
    fi
    if [ ! -x "$JAVACMD" ] ; then
        die "ERROR: JAVA_HOME is set to an invalid directory: $JAVA_HOME

Please set the JAVA_HOME variable in your environment to match the
location of your Java installation."
    fi
else
    JAVACMD="java"
    which java >/dev/null 2>&1 || die "ERROR: JAVA_HOME is not set and no 'java' command could be found in your PATH.

Please set the JAVA_HOME variable in your environment to match the
location of your Java installation."
fi

# Increase the maximum file descriptors if we can.
if [ "$cygwin" = "false" -a "$darwin" = "false" ] ; then
    MAX_FD_LIMIT=`ulimit -H -n`
    if [ $? -eq 0 ] ; then
        if [ "$MAX_FD" = "maximum" -o "$MAX_FD" = "max" ] ; then
            MAX_FD="$MAX_FD_LIMIT"
        fi
        ulimit -n $MAX_FD
        if [ $? -ne 0 ] ; then
            warn "Could not set maximum file descriptor limit: $MAX_FD"
        fi
    else
        warn "Could not query maximum file descriptor limit: $MAX_FD_LIMIT"
    fi
fi

# For Darwin, add options to specify how the application appears in the dock
if $darwin; then
    GRADLE_OPTS="$GRADLE_OPTS \"-Xdock:name=$APP_NAME\" \"-Xdock:icon=$APP_HOME/media/gradle.icns\""
fi

# For Cygwin, switch paths to Windows format before running java
if $cygwin ; then
    APP_HOME=`cygpath --path --mixed "$APP_HOME"`
    CLASSPATH=`cygpath --path --mixed "$CLASSPATH"`
    JAVACMD=`cygpath --unix "$JAVACMD"`

    # We build the pattern for arguments to be converted via cygpath
    ROOTDIRSRAW=`find -L / -maxdepth 1 -mindepth 1 -type d 2>/dev/null`
    SEP=""
    for dir in $ROOTDIRSRAW ; do
        ROOTDIRS="$ROOTDIRS$SEP$dir"
        SEP="|"
    done
    OURCYGPATTERN="(^($ROOTDIRS))"
    # Add a user-defined pattern to the cygpath arguments
    if [ "$GRADLE_CYGPATTERN" != "" ] ; then
        OURCYGPATTERN="$OURCYGPATTERN|($GRADLE_CYGPATTERN)"
    fi
    # Now convert the arguments - kludge to limit ourselves to /bin/sh
    i=0
    for arg in "$@" ; do
        CHECK=`echo "$arg"|egrep -c "$OURCYGPATTERN" -`
        CHECK2=`echo "$arg"|egrep -c "^-"`                                 ### Determine if an option

        if [ $CHECK -ne 0 ] && [ $CHECK2 -eq 0 ] ; then                    ### Added a condition
            eval `echo args$i`=`cygpath --path --ignore --mixed "$arg"`
        else
            eval `echo args$i`="\"$arg\""
        fi
        i=$((i+1))
    done
    case $i in
        (0) set -- ;;
        (1) set -- "$args0" ;;
        (2) set -- "$args0" "$args1" ;;
        (3) set -- "$args0" "$args1" "$args2" ;;
        (4) set -- "$args0" "$args1" "$args2" "$args3" ;;
        (5) set -- "$args0" "$args1" "$args2" "$args3" "$args4" ;;
        (6) set -- "$args0" "$args1" "$args2" "$args3" "$args4" "$args5" ;;
        (7) set -- "$args0" "$args1" "$args2" "$args3" "$args4" "$args5" "$args6" ;;
        (8) set -- "$args0" "$args1" "$args2" "$args3" "$args4" "$args5" "$args6" "$args7" ;;
        (9) set -- "$args0" "$args1" "$args2" "$args3" "$args4" "$args5" "$args6" "$args7" "$args8" ;;
    esac
fi

# Split up the JVM_OPTS And GRADLE_OPTS values into an array, following the shell quoting and substitution rules
function splitJvmOpts() {
    JVM_OPTS=("$@")
}
eval splitJvmOpts $DEFAULT_JVM_OPTS $JAVA_OPTS $GRADLE_OPTS
JVM_OPTS[${#JVM_OPTS[*]}]="-Dorg.gradle.appname=$APP_BASE_NAME"

exec "$JAVACMD" "${JVM_OPTS[@]}" -classpath "$CLASSPATH" org.gradle.wrapper.GradleWrapperMain "$@"
vagrant@vagrant-ubuntu-trusty-64:~$ ls MongoDB_Spark_Course/build/
classes  dependency-cache  libs  tmp
vagrant@vagrant-ubuntu-trusty-64:~$ ls MongoDB_Spark_Course/build/libs/
SparkCourse-1.0.0-SNAPSHOT.jar
vagrant@vagrant-ubuntu-trusty-64:~$ exit
logout
Connection to 127.0.0.1 closed.

Aspire@Acer MINGW64 /e/Working/MongoDB/MongoDB University/2016/M233 Getting Started with Spark and MongoDB/Units/Spark and MongoDB/1 Welcome, prerequisites, and setting up your learning environment/Vagrantfile
$ exit
